<html>
<body>
<pre>
<h1>µVision Build Log</h1>
<h2>Project:</h2>
D:\gitwork\uPCI\Project\STM32F10x_StdPeriph_Examples\SPI\FullDuplex_SoftNSS\spi.uvproj
Project File Date:  12/23/2017

<h2>Output:</h2>
Build target 'spi'
compiling main.c...
linking...
Program Size: Code=5280 RO-data=336 RW-data=112 ZI-data=1736  
".\out\spi.axf" - 0 Error(s), 0 Warning(s).
Load "D:\\gitwork\\uPCI\\Project\\STM32F10x_StdPeriph_Examples\\SPI\\FullDuplex_SoftNSS\\out\\spi.AXF" 
Set JLink Project File to "D:\gitwork\uPCI\Project\STM32F10x_StdPeriph_Examples\SPI\FullDuplex_SoftNSS\JLinkSettings.ini"
* JLink Info: Device "STM32F103RC" selected (256 KB flash, 48 KB RAM).
 
JLink info:
------------
DLL: V4.54a, compiled Sep 17 2012 15:58:45
Firmware: J-Link ARM-OB STM32 compiled Aug 22 2012 19:52:04
Hardware: V7.00
S/N : 20090928 
Feature(s) : RDI,FlashDL,FlashBP,JFlash,GDBFull 
 
* JLink Info: Found SWD-DP with ID 0x1BA01477
* JLink Info: Found SWD-DP with ID 0x1BA01477
* JLink Info: TPIU fitted.
* JLink Info: ETM fitted.
* JLink Info: FPUnit: 6 code (BP) slots and 2 literal slots
* JLink Info: Found Cortex-M3 r1p1, Little endian.
ROMTableAddr = 0xE00FF003
 
Target info:
------------
Device: STM32F103RC
VTarget = 3.300V
State of Pins: 
TCK: 0, TDI: 0, TDO: 1, TMS: 0, TRES: 1, TRST: 1
Hardware-Breakpoints: 6
Software-Breakpoints: 8192
Watchpoints:          4
JTAG speed: 2000 kHz
 
Full Chip Erase Done.
Programming Done.
Verify OK.
Application running ...
Build target 'spi'
compiling main.c...
linking...
Program Size: Code=5284 RO-data=336 RW-data=112 ZI-data=1736  
".\out\spi.axf" - 0 Error(s), 0 Warning(s).
Load "D:\\gitwork\\uPCI\\Project\\STM32F10x_StdPeriph_Examples\\SPI\\FullDuplex_SoftNSS\\out\\spi.AXF" 
Set JLink Project File to "D:\gitwork\uPCI\Project\STM32F10x_StdPeriph_Examples\SPI\FullDuplex_SoftNSS\JLinkSettings.ini"
* JLink Info: Device "STM32F103RC" selected (256 KB flash, 48 KB RAM).
 
JLink info:
------------
DLL: V4.54a, compiled Sep 17 2012 15:58:45
Firmware: J-Link ARM-OB STM32 compiled Aug 22 2012 19:52:04
Hardware: V7.00
S/N : 20090928 
Feature(s) : RDI,FlashDL,FlashBP,JFlash,GDBFull 
 
* JLink Info: Found SWD-DP with ID 0x1BA01477
* JLink Info: Found SWD-DP with ID 0x1BA01477
* JLink Info: TPIU fitted.
* JLink Info: ETM fitted.
* JLink Info: FPUnit: 6 code (BP) slots and 2 literal slots
* JLink Info: Found Cortex-M3 r1p1, Little endian.
ROMTableAddr = 0xE00FF003
 
Target info:
------------
Device: STM32F103RC
VTarget = 3.300V
State of Pins: 
TCK: 0, TDI: 0, TDO: 1, TMS: 0, TRES: 1, TRST: 1
Hardware-Breakpoints: 6
Software-Breakpoints: 8192
Watchpoints:          4
JTAG speed: 2000 kHz
 
Full Chip Erase Done.
Programming Done.
Verify OK.
Application running ...
Build target 'spi'
compiling main.c...
main.c(154): warning:  #175-D: subscript out of range
main.c(155): error:  #137: expression must be a modifiable lvalue
main.c(214): warning:  #128-D: loop is not reachable
Target not created
Load "D:\\gitwork\\uPCI\\Project\\STM32F10x_StdPeriph_Examples\\SPI\\FullDuplex_SoftNSS\\out\\spi.AXF" 
_____^
*** error 56: cannot open file
Build target 'spi'
compiling main.c...
main.c(154): warning:  #175-D: subscript out of range
main.c(155): error:  #137: expression must be a modifiable lvalue
main.c(214): warning:  #128-D: loop is not reachable
Target not created
Build target 'spi'
compiling main.c...
linking...
Program Size: Code=5288 RO-data=336 RW-data=112 ZI-data=1736  
".\out\spi.axf" - 0 Error(s), 0 Warning(s).
Load "D:\\gitwork\\uPCI\\Project\\STM32F10x_StdPeriph_Examples\\SPI\\FullDuplex_SoftNSS\\out\\spi.AXF" 
Set JLink Project File to "D:\gitwork\uPCI\Project\STM32F10x_StdPeriph_Examples\SPI\FullDuplex_SoftNSS\JLinkSettings.ini"
* JLink Info: Device "STM32F103RC" selected (256 KB flash, 48 KB RAM).
 
JLink info:
------------
DLL: V4.54a, compiled Sep 17 2012 15:58:45
Firmware: J-Link ARM-OB STM32 compiled Aug 22 2012 19:52:04
Hardware: V7.00
S/N : 20090928 
Feature(s) : RDI,FlashDL,FlashBP,JFlash,GDBFull 
 
* JLink Info: Found SWD-DP with ID 0x1BA01477
* JLink Info: Found SWD-DP with ID 0x1BA01477
* JLink Info: TPIU fitted.
* JLink Info: ETM fitted.
* JLink Info: FPUnit: 6 code (BP) slots and 2 literal slots
* JLink Info: Found Cortex-M3 r1p1, Little endian.
ROMTableAddr = 0xE00FF003
 
Target info:
------------
Device: STM32F103RC
VTarget = 3.300V
State of Pins: 
TCK: 0, TDI: 0, TDO: 1, TMS: 0, TRES: 1, TRST: 1
Hardware-Breakpoints: 6
Software-Breakpoints: 8192
Watchpoints:          4
JTAG speed: 2000 kHz
 
Full Chip Erase Done.
Programming Done.
Verify OK.
Application running ...
Build target 'spi'
compiling main.c...
linking...
Program Size: Code=5244 RO-data=336 RW-data=112 ZI-data=1736  
".\out\spi.axf" - 0 Error(s), 0 Warning(s).
Load "D:\\gitwork\\uPCI\\Project\\STM32F10x_StdPeriph_Examples\\SPI\\FullDuplex_SoftNSS\\out\\spi.AXF" 
Set JLink Project File to "D:\gitwork\uPCI\Project\STM32F10x_StdPeriph_Examples\SPI\FullDuplex_SoftNSS\JLinkSettings.ini"
* JLink Info: Device "STM32F103RC" selected (256 KB flash, 48 KB RAM).
 
JLink info:
------------
DLL: V4.54a, compiled Sep 17 2012 15:58:45
Firmware: J-Link ARM-OB STM32 compiled Aug 22 2012 19:52:04
Hardware: V7.00
S/N : 20090928 
Feature(s) : RDI,FlashDL,FlashBP,JFlash,GDBFull 
 
* JLink Info: Found SWD-DP with ID 0x1BA01477
* JLink Info: Found SWD-DP with ID 0x1BA01477
* JLink Info: TPIU fitted.
* JLink Info: ETM fitted.
* JLink Info: FPUnit: 6 code (BP) slots and 2 literal slots
* JLink Info: Found Cortex-M3 r1p1, Little endian.
ROMTableAddr = 0xE00FF003
 
Target info:
------------
Device: STM32F103RC
VTarget = 3.300V
State of Pins: 
TCK: 0, TDI: 0, TDO: 1, TMS: 0, TRES: 1, TRST: 1
Hardware-Breakpoints: 6
Software-Breakpoints: 8192
Watchpoints:          4
JTAG speed: 2000 kHz
 
Full Chip Erase Done.
Programming Done.
Verify OK.
Application running ...
Build target 'spi'
linking...
Program Size: Code=5244 RO-data=336 RW-data=112 ZI-data=1736  
".\out\spi.axf" - 0 Error(s), 0 Warning(s).
Load "D:\\gitwork\\uPCI\\Project\\STM32F10x_StdPeriph_Examples\\SPI\\FullDuplex_SoftNSS\\out\\spi.AXF" 
Set JLink Project File to "D:\gitwork\uPCI\Project\STM32F10x_StdPeriph_Examples\SPI\FullDuplex_SoftNSS\JLinkSettings.ini"
* JLink Info: Device "STM32F103RC" selected (256 KB flash, 48 KB RAM).
 
JLink info:
------------
DLL: V4.54a, compiled Sep 17 2012 15:58:45
Firmware: J-Link ARM-OB STM32 compiled Aug 22 2012 19:52:04
Hardware: V7.00
S/N : 20090928 
Feature(s) : RDI,FlashDL,FlashBP,JFlash,GDBFull 
 
* JLink Info: Found SWD-DP with ID 0x1BA01477
* JLink Info: Found SWD-DP with ID 0x1BA01477
* JLink Info: TPIU fitted.
* JLink Info: ETM fitted.
* JLink Info: FPUnit: 6 code (BP) slots and 2 literal slots
* JLink Info: Found Cortex-M3 r1p1, Little endian.
ROMTableAddr = 0xE00FF003
 
Target info:
------------
Device: STM32F103RC
VTarget = 3.300V
State of Pins: 
TCK: 0, TDI: 0, TDO: 1, TMS: 0, TRES: 1, TRST: 1
Hardware-Breakpoints: 6
Software-Breakpoints: 8192
Watchpoints:          4
JTAG speed: 2000 kHz
 
Full Chip Erase Done.
Programming Done.
Verify OK.
Application running ...
Build target 'spi'
compiling main.c...
linking...
Program Size: Code=5260 RO-data=336 RW-data=112 ZI-data=1736  
".\out\spi.axf" - 0 Error(s), 0 Warning(s).
Load "D:\\gitwork\\uPCI\\Project\\STM32F10x_StdPeriph_Examples\\SPI\\FullDuplex_SoftNSS\\out\\spi.AXF" 
Set JLink Project File to "D:\gitwork\uPCI\Project\STM32F10x_StdPeriph_Examples\SPI\FullDuplex_SoftNSS\JLinkSettings.ini"
* JLink Info: Device "STM32F103RC" selected (256 KB flash, 48 KB RAM).
 
JLink info:
------------
DLL: V4.54a, compiled Sep 17 2012 15:58:45
Firmware: J-Link ARM-OB STM32 compiled Aug 22 2012 19:52:04
Hardware: V7.00
S/N : 20090928 
Feature(s) : RDI,FlashDL,FlashBP,JFlash,GDBFull 
 
* JLink Info: Found SWD-DP with ID 0x1BA01477
* JLink Info: Found SWD-DP with ID 0x1BA01477
* JLink Info: TPIU fitted.
* JLink Info: ETM fitted.
* JLink Info: FPUnit: 6 code (BP) slots and 2 literal slots
* JLink Info: Found Cortex-M3 r1p1, Little endian.
ROMTableAddr = 0xE00FF003
 
Target info:
------------
Device: STM32F103RC
VTarget = 3.300V
State of Pins: 
TCK: 0, TDI: 0, TDO: 1, TMS: 0, TRES: 1, TRST: 1
Hardware-Breakpoints: 6
Software-Breakpoints: 8192
Watchpoints:          4
JTAG speed: 2000 kHz
 
Full Chip Erase Done.
Programming Done.
Verify OK.
Application running ...
Build target 'spi'
compiling main.c...
linking...
Program Size: Code=5244 RO-data=336 RW-data=112 ZI-data=1736  
".\out\spi.axf" - 0 Error(s), 0 Warning(s).
Load "D:\\gitwork\\uPCI\\Project\\STM32F10x_StdPeriph_Examples\\SPI\\FullDuplex_SoftNSS\\out\\spi.AXF" 
Set JLink Project File to "D:\gitwork\uPCI\Project\STM32F10x_StdPeriph_Examples\SPI\FullDuplex_SoftNSS\JLinkSettings.ini"
* JLink Info: Device "STM32F103RC" selected (256 KB flash, 48 KB RAM).
 
JLink info:
------------
DLL: V4.54a, compiled Sep 17 2012 15:58:45
Firmware: J-Link ARM-OB STM32 compiled Aug 22 2012 19:52:04
Hardware: V7.00
S/N : 20090928 
Feature(s) : RDI,FlashDL,FlashBP,JFlash,GDBFull 
 
* JLink Info: Found SWD-DP with ID 0x1BA01477
* JLink Info: Found SWD-DP with ID 0x1BA01477
* JLink Info: TPIU fitted.
* JLink Info: ETM fitted.
* JLink Info: FPUnit: 6 code (BP) slots and 2 literal slots
* JLink Info: Found Cortex-M3 r1p1, Little endian.
ROMTableAddr = 0xE00FF003
 
Target info:
------------
Device: STM32F103RC
VTarget = 3.300V
State of Pins: 
TCK: 0, TDI: 0, TDO: 1, TMS: 0, TRES: 1, TRST: 1
Hardware-Breakpoints: 6
Software-Breakpoints: 8192
Watchpoints:          4
JTAG speed: 2000 kHz
 
Full Chip Erase Done.
Programming Done.
Verify OK.
Application running ...
Build target 'spi'
compiling main.c...
linking...
Program Size: Code=5276 RO-data=336 RW-data=112 ZI-data=1736  
".\out\spi.axf" - 0 Error(s), 0 Warning(s).
Load "D:\\gitwork\\uPCI\\Project\\STM32F10x_StdPeriph_Examples\\SPI\\FullDuplex_SoftNSS\\out\\spi.AXF" 
Set JLink Project File to "D:\gitwork\uPCI\Project\STM32F10x_StdPeriph_Examples\SPI\FullDuplex_SoftNSS\JLinkSettings.ini"
* JLink Info: Device "STM32F103RC" selected (256 KB flash, 48 KB RAM).
 
JLink info:
------------
DLL: V4.54a, compiled Sep 17 2012 15:58:45
Firmware: J-Link ARM-OB STM32 compiled Aug 22 2012 19:52:04
Hardware: V7.00
S/N : 20090928 
Feature(s) : RDI,FlashDL,FlashBP,JFlash,GDBFull 
 
* JLink Info: Found SWD-DP with ID 0x1BA01477
* JLink Info: Found SWD-DP with ID 0x1BA01477
* JLink Info: TPIU fitted.
* JLink Info: ETM fitted.
* JLink Info: FPUnit: 6 code (BP) slots and 2 literal slots
* JLink Info: Found Cortex-M3 r1p1, Little endian.
ROMTableAddr = 0xE00FF003
 
Target info:
------------
Device: STM32F103RC
VTarget = 3.300V
State of Pins: 
TCK: 0, TDI: 0, TDO: 1, TMS: 0, TRES: 1, TRST: 1
Hardware-Breakpoints: 6
Software-Breakpoints: 8192
Watchpoints:          4
JTAG speed: 2000 kHz
 
Full Chip Erase Done.
Programming Done.
Verify OK.
Application running ...
Build target 'spi'
compiling main.c...
linking...
Program Size: Code=5276 RO-data=336 RW-data=112 ZI-data=1736  
".\out\spi.axf" - 0 Error(s), 0 Warning(s).
Load "D:\\gitwork\\uPCI\\Project\\STM32F10x_StdPeriph_Examples\\SPI\\FullDuplex_SoftNSS\\out\\spi.AXF" 
Set JLink Project File to "D:\gitwork\uPCI\Project\STM32F10x_StdPeriph_Examples\SPI\FullDuplex_SoftNSS\JLinkSettings.ini"
* JLink Info: Device "STM32F103RC" selected (256 KB flash, 48 KB RAM).
 
JLink info:
------------
DLL: V4.54a, compiled Sep 17 2012 15:58:45
Firmware: J-Link ARM-OB STM32 compiled Aug 22 2012 19:52:04
Hardware: V7.00
S/N : 20090928 
Feature(s) : RDI,FlashDL,FlashBP,JFlash,GDBFull 
 
* JLink Info: Found SWD-DP with ID 0x1BA01477
* JLink Info: Found SWD-DP with ID 0x1BA01477
* JLink Info: TPIU fitted.
* JLink Info: ETM fitted.
* JLink Info: FPUnit: 6 code (BP) slots and 2 literal slots
* JLink Info: Found Cortex-M3 r1p1, Little endian.
ROMTableAddr = 0xE00FF003
 
Target info:
------------
Device: STM32F103RC
VTarget = 3.300V
State of Pins: 
TCK: 0, TDI: 0, TDO: 1, TMS: 0, TRES: 1, TRST: 1
Hardware-Breakpoints: 6
Software-Breakpoints: 8192
Watchpoints:          4
JTAG speed: 2000 kHz
 
Full Chip Erase Done.
Programming Done.
Verify OK.
Application running ...
Build target 'spi'
compiling main.c...
linking...
Program Size: Code=5304 RO-data=336 RW-data=112 ZI-data=1736  
".\out\spi.axf" - 0 Error(s), 0 Warning(s).
Load "D:\\gitwork\\uPCI\\Project\\STM32F10x_StdPeriph_Examples\\SPI\\FullDuplex_SoftNSS\\out\\spi.AXF" 
Set JLink Project File to "D:\gitwork\uPCI\Project\STM32F10x_StdPeriph_Examples\SPI\FullDuplex_SoftNSS\JLinkSettings.ini"
* JLink Info: Device "STM32F103RC" selected (256 KB flash, 48 KB RAM).
 
JLink info:
------------
DLL: V4.54a, compiled Sep 17 2012 15:58:45
Firmware: J-Link ARM-OB STM32 compiled Aug 22 2012 19:52:04
Hardware: V7.00
S/N : 20090928 
Feature(s) : RDI,FlashDL,FlashBP,JFlash,GDBFull 
 
* JLink Info: Found SWD-DP with ID 0x1BA01477
* JLink Info: Found SWD-DP with ID 0x1BA01477
* JLink Info: TPIU fitted.
* JLink Info: ETM fitted.
* JLink Info: FPUnit: 6 code (BP) slots and 2 literal slots
* JLink Info: Found Cortex-M3 r1p1, Little endian.
ROMTableAddr = 0xE00FF003
 
Target info:
------------
Device: STM32F103RC
VTarget = 3.300V
State of Pins: 
TCK: 0, TDI: 0, TDO: 1, TMS: 0, TRES: 1, TRST: 1
Hardware-Breakpoints: 6
Software-Breakpoints: 8192
Watchpoints:          4
JTAG speed: 2000 kHz
 
Full Chip Erase Done.
Programming Done.
Verify OK.
Application running ...
Build target 'spi'
compiling main.c...
main.c(159): warning:  #128-D: loop is not reachable
linking...
Program Size: Code=5248 RO-data=336 RW-data=112 ZI-data=1736  
".\out\spi.axf" - 0 Error(s), 1 Warning(s).
Load "D:\\gitwork\\uPCI\\Project\\STM32F10x_StdPeriph_Examples\\SPI\\FullDuplex_SoftNSS\\out\\spi.AXF" 
Set JLink Project File to "D:\gitwork\uPCI\Project\STM32F10x_StdPeriph_Examples\SPI\FullDuplex_SoftNSS\JLinkSettings.ini"
* JLink Info: Device "STM32F103RC" selected (256 KB flash, 48 KB RAM).
 
JLink info:
------------
DLL: V4.54a, compiled Sep 17 2012 15:58:45
Firmware: J-Link ARM-OB STM32 compiled Aug 22 2012 19:52:04
Hardware: V7.00
S/N : 20090928 
Feature(s) : RDI,FlashDL,FlashBP,JFlash,GDBFull 
 
* JLink Info: Found SWD-DP with ID 0x1BA01477
* JLink Info: Found SWD-DP with ID 0x1BA01477
* JLink Info: TPIU fitted.
* JLink Info: ETM fitted.
* JLink Info: FPUnit: 6 code (BP) slots and 2 literal slots
* JLink Info: Found Cortex-M3 r1p1, Little endian.
ROMTableAddr = 0xE00FF003
 
Target info:
------------
Device: STM32F103RC
VTarget = 3.300V
State of Pins: 
TCK: 0, TDI: 0, TDO: 1, TMS: 0, TRES: 1, TRST: 1
Hardware-Breakpoints: 6
Software-Breakpoints: 8192
Watchpoints:          4
JTAG speed: 2000 kHz
 
Full Chip Erase Done.
Programming Done.
Verify OK.
Application running ...
Clean started: Project: 'spi'
   deleting intermediate output files for target 'spi'
Clean started: Project: 'spi'
   deleting intermediate output files for target 'spi'
Clean started: Project: 'spi'
   deleting intermediate output files for target 'spi'
